{"requestOrderNo":"req1","warehouseLocationNo":"wh","parts":[{"no":"n1","qty":2,"uom":"uom"}]}