{"requestOrderNo":"req2","eventType":"event2","warehouseLocationNo":"wh","parts":[{"no":"n1","qty":2,"uom":"uom"}]}