{"partNo":"p1","warehouseLocationNo":"w1","quantity":2,"transactionType":"RC_SUBMITTED","uom":"uom"}