{"receiveOrderNo":"req1","eventType":"event","warehouseLocationNo":"wh","parts":[{"no":"n1","qty":2,"uom":"uom"}]}